R2#conf t
Enter configuration commands, one per line.  End with CNTL/Z.
R2(config)#int f0/0
R2(config-if)#no shut
R2(config-if)#
*Mar  1 00:29:04.331: %LINK-3-UPDOWN: Interface FastEthernet0/0, changed state to up
*Mar  1 00:29:05.331: %LINEPROTO-5-UPDOWN: Line protocol on Interface FastEthernet0/0, changed state to up
R2(config-if)#exit
R2(config)#sh run
             ^
% Invalid input detected at '^' marker.

R2(config)#exit
R2#
*Mar  1 00:35:00.415: %SYS-5-CONFIG_I: Configured from console by console
====================================================================================
R2#sh run
Building configuration...

Current configuration : 872 bytes
!
version 12.4
service timestamps debug datetime msec
service timestamps log datetime msec
no service password-encryption
!
hostname R2
!
boot-start-marker
boot-end-marker
!
!
no aaa new-model
memory-size iomem 5
no ip icmp rate-limit unreachable
ip cef
!
!
!
!
no ip domain lookup
ip auth-proxy max-nodata-conns 3
ip admission max-nodata-conns 3
!
!
!
!
!
!
!
!
!
!
!
!
!
!
!
!
!
!
!
ip tcp synwait-time 5
!
!
!
!
!
interface FastEthernet0/0
 no ip address
 duplex auto
 speed auto
!
interface FastEthernet0/1
 no ip address
 shutdown
 duplex auto
 speed auto
!
ip forward-protocol nd
!
!
no ip http server
no ip http secure-server
!
no cdp log mismatch duplex
!
!
!
control-plane
!
!
!
!
!
!
!
!
!
!
line con 0
 exec-timeout 0 0
 privilege level 15
 logging synchronous
line aux 0
 exec-timeout 0 0
 privilege level 15
 logging synchronous
line vty 0 4
 login
!
!
end